Copyright 1986-2022 Xilinx, Inc. All Rights Reserved. Copyright 2022-2025 Advanced Micro Devices, Inc. All Rights Reserved.
---------------------------------------------------------------------------------------------------------------------------------------------------------------------------------------------------------------------------------
| Tool Version : Vivado v.2025.1 (win64) Build 6140274 Thu May 22 00:12:29 MDT 2025
| Date         : Mon Nov  3 11:43:15 2025
| Host         : LopzDWampotat running 64-bit major release  (build 9200)
| Command      : report_timing_summary -max_paths 10 -routable_nets -report_unconstrained -file ent_mon_timing_summary_routed.rpt -pb ent_mon_timing_summary_routed.pb -rpx ent_mon_timing_summary_routed.rpx -warn_on_violation
| Design       : ent_mon
| Device       : 7a35t-cpg236
| Speed File   : -1  PRODUCTION 1.23 2018-06-13
| Design State : Routed
---------------------------------------------------------------------------------------------------------------------------------------------------------------------------------------------------------------------------------

Timing Summary Report

------------------------------------------------------------------------------------------------
| Timer Settings
| --------------
------------------------------------------------------------------------------------------------

  Enable Multi Corner Analysis               :  Yes
  Enable Pessimism Removal                   :  Yes
  Pessimism Removal Resolution               :  Nearest Common Node
  Enable Input Delay Default Clock           :  No
  Enable Preset / Clear Arcs                 :  No
  Disable Flight Delays                      :  No
  Ignore I/O Paths                           :  No
  Timing Early Launch at Borrowing Latches   :  No
  Borrow Time for Max Delay Exceptions       :  Yes
  Merge Timing Exceptions                    :  Yes
  Inter-SLR Compensation                     :  Conservative

  Corner  Analyze    Analyze    
  Name    Max Paths  Min Paths  
  ------  ---------  ---------  
  Slow    Yes        Yes        
  Fast    Yes        Yes        


------------------------------------------------------------------------------------------------
| Report Methodology
| ------------------
------------------------------------------------------------------------------------------------

No report available as report_methodology has not been run prior. Run report_methodology on the current design for the summary of methodology violations.



check_timing report

Table of Contents
-----------------
1. checking no_clock (0)
2. checking constant_clock (0)
3. checking pulse_width_clock (0)
4. checking unconstrained_internal_endpoints (0)
5. checking no_input_delay (0)
6. checking no_output_delay (0)
7. checking multiple_clock (0)
8. checking generated_clocks (0)
9. checking loops (0)
10. checking partial_input_delay (0)
11. checking partial_output_delay (0)
12. checking latch_loops (0)

1. checking no_clock (0)
------------------------
 There are 0 register/latch pins with no clock.


2. checking constant_clock (0)
------------------------------
 There are 0 register/latch pins with constant_clock.


3. checking pulse_width_clock (0)
---------------------------------
 There are 0 register/latch pins which need pulse_width check


4. checking unconstrained_internal_endpoints (0)
------------------------------------------------
 There are 0 pins that are not constrained for maximum delay.

 There are 0 pins that are not constrained for maximum delay due to constant clock.


5. checking no_input_delay (0)
------------------------------
 There are 0 input ports with no input delay specified.

 There are 0 input ports with no input delay but user has a false path constraint.


6. checking no_output_delay (0)
-------------------------------
 There are 0 ports with no output delay specified.

 There are 0 ports with no output delay but user has a false path constraint

 There are 0 ports with no output delay but with a timing clock defined on it or propagating through it


7. checking multiple_clock (0)
------------------------------
 There are 0 register/latch pins with multiple clocks.


8. checking generated_clocks (0)
--------------------------------
 There are 0 generated clocks that are not connected to a clock source.


9. checking loops (0)
---------------------
 There are 0 combinational loops in the design.


10. checking partial_input_delay (0)
------------------------------------
 There are 0 input ports with partial input delay specified.


11. checking partial_output_delay (0)
-------------------------------------
 There are 0 ports with partial output delay specified.


12. checking latch_loops (0)
----------------------------
 There are 0 combinational latch loops in the design through latch input



------------------------------------------------------------------------------------------------
| Design Timing Summary
| ---------------------
------------------------------------------------------------------------------------------------

    WNS(ns)      TNS(ns)  TNS Failing Endpoints  TNS Total Endpoints      WHS(ns)      THS(ns)  THS Failing Endpoints  THS Total Endpoints     WPWS(ns)     TPWS(ns)  TPWS Failing Endpoints  TPWS Total Endpoints  
    -------      -------  ---------------------  -------------------      -------      -------  ---------------------  -------------------     --------     --------  ----------------------  --------------------  
        inf        0.000                      0                    3          inf        0.000                      0                    3           NA           NA                      NA                    NA  


There are no user specified timing constraints.


------------------------------------------------------------------------------------------------
| Clock Summary
| -------------
------------------------------------------------------------------------------------------------


------------------------------------------------------------------------------------------------
| Intra Clock Table
| -----------------
------------------------------------------------------------------------------------------------

Clock             WNS(ns)      TNS(ns)  TNS Failing Endpoints  TNS Total Endpoints      WHS(ns)      THS(ns)  THS Failing Endpoints  THS Total Endpoints     WPWS(ns)     TPWS(ns)  TPWS Failing Endpoints  TPWS Total Endpoints  
-----             -------      -------  ---------------------  -------------------      -------      -------  ---------------------  -------------------     --------     --------  ----------------------  --------------------  


------------------------------------------------------------------------------------------------
| Inter Clock Table
| -----------------
------------------------------------------------------------------------------------------------

From Clock    To Clock          WNS(ns)      TNS(ns)  TNS Failing Endpoints  TNS Total Endpoints      WHS(ns)      THS(ns)  THS Failing Endpoints  THS Total Endpoints  
----------    --------          -------      -------  ---------------------  -------------------      -------      -------  ---------------------  -------------------  


------------------------------------------------------------------------------------------------
| Other Path Groups Table
| -----------------------
------------------------------------------------------------------------------------------------

Path Group    From Clock    To Clock          WNS(ns)      TNS(ns)  TNS Failing Endpoints  TNS Total Endpoints      WHS(ns)      THS(ns)  THS Failing Endpoints  THS Total Endpoints  
----------    ----------    --------          -------      -------  ---------------------  -------------------      -------      -------  ---------------------  -------------------  


------------------------------------------------------------------------------------------------
| User Ignored Path Table
| -----------------------
------------------------------------------------------------------------------------------------

Path Group    From Clock    To Clock    
----------    ----------    --------    


------------------------------------------------------------------------------------------------
| Unconstrained Path Table
| ------------------------
------------------------------------------------------------------------------------------------

Path Group    From Clock    To Clock    
----------    ----------    --------    
(none)                                    


------------------------------------------------------------------------------------------------
| Timing Details
| --------------
------------------------------------------------------------------------------------------------


--------------------------------------------------------------------------------------
Path Group:  (none)
From Clock:  
  To Clock:  

Max Delay             3 Endpoints
Min Delay             3 Endpoints
--------------------------------------------------------------------------------------


Max Delay Paths
--------------------------------------------------------------------------------------
Slack:                    inf
  Source:                 A
                            (input port)
  Destination:            MON[2]
                            (output port)
  Path Group:             (none)
  Path Type:              Max at Slow Process Corner
  Data Path Delay:        9.260ns  (logic 5.102ns (55.096%)  route 4.158ns (44.904%))
  Logic Levels:           3  (IBUF=1 LUT3=1 OBUF=1)

    Location             Delay type                Incr(ns)  Path(ns)    Netlist Resource(s)
  -------------------------------------------------------------------    -------------------
    R2                                                0.000     0.000 r  A (IN)
                         net (fo=0)                   0.000     0.000    A
    R2                   IBUF (Prop_ibuf_I_O)         1.456     1.456 r  A_IBUF_inst/O
                         net (fo=3, routed)           1.435     2.892    A_IBUF
    SLICE_X65Y52         LUT3 (Prop_lut3_I0_O)        0.124     3.016 r  MON_OBUF[2]_inst_i_1/O
                         net (fo=1, routed)           2.723     5.738    MON_OBUF[2]
    L1                   OBUF (Prop_obuf_I_O)         3.521     9.260 r  MON_OBUF[2]_inst/O
                         net (fo=0)                   0.000     9.260    MON[2]
    L1                                                                r  MON[2] (OUT)
  -------------------------------------------------------------------    -------------------

Slack:                    inf
  Source:                 A
                            (input port)
  Destination:            MON[0]
                            (output port)
  Path Group:             (none)
  Path Type:              Max at Slow Process Corner
  Data Path Delay:        9.251ns  (logic 5.318ns (57.483%)  route 3.933ns (42.517%))
  Logic Levels:           3  (IBUF=1 LUT3=1 OBUF=1)

    Location             Delay type                Incr(ns)  Path(ns)    Netlist Resource(s)
  -------------------------------------------------------------------    -------------------
    R2                                                0.000     0.000 f  A (IN)
                         net (fo=0)                   0.000     0.000    A
    R2                   IBUF (Prop_ibuf_I_O)         1.456     1.456 f  A_IBUF_inst/O
                         net (fo=3, routed)           1.436     2.893    A_IBUF
    SLICE_X65Y52         LUT3 (Prop_lut3_I2_O)        0.152     3.045 r  MON_OBUF[0]_inst_i_1/O
                         net (fo=1, routed)           2.497     5.541    MON_OBUF[0]
    N3                   OBUF (Prop_obuf_I_O)         3.709     9.251 r  MON_OBUF[0]_inst/O
                         net (fo=0)                   0.000     9.251    MON[0]
    N3                                                                r  MON[0] (OUT)
  -------------------------------------------------------------------    -------------------

Slack:                    inf
  Source:                 A
                            (input port)
  Destination:            MON[1]
                            (output port)
  Path Group:             (none)
  Path Type:              Max at Slow Process Corner
  Data Path Delay:        8.441ns  (logic 5.096ns (60.366%)  route 3.346ns (39.634%))
  Logic Levels:           3  (IBUF=1 LUT3=1 OBUF=1)

    Location             Delay type                Incr(ns)  Path(ns)    Netlist Resource(s)
  -------------------------------------------------------------------    -------------------
    R2                                                0.000     0.000 f  A (IN)
                         net (fo=0)                   0.000     0.000    A
    R2                   IBUF (Prop_ibuf_I_O)         1.456     1.456 f  A_IBUF_inst/O
                         net (fo=3, routed)           1.436     2.893    A_IBUF
    SLICE_X65Y52         LUT3 (Prop_lut3_I2_O)        0.124     3.017 r  MON_OBUF[1]_inst_i_1/O
                         net (fo=1, routed)           1.909     4.926    MON_OBUF[1]
    P1                   OBUF (Prop_obuf_I_O)         3.515     8.441 r  MON_OBUF[1]_inst/O
                         net (fo=0)                   0.000     8.441    MON[1]
    P1                                                                r  MON[1] (OUT)
  -------------------------------------------------------------------    -------------------





Min Delay Paths
--------------------------------------------------------------------------------------
Slack:                    inf
  Source:                 C
                            (input port)
  Destination:            MON[1]
                            (output port)
  Path Group:             (none)
  Path Type:              Min at Fast Process Corner
  Data Path Delay:        2.466ns  (logic 1.482ns (60.105%)  route 0.984ns (39.895%))
  Logic Levels:           3  (IBUF=1 LUT3=1 OBUF=1)

    Location             Delay type                Incr(ns)  Path(ns)    Netlist Resource(s)
  -------------------------------------------------------------------    -------------------
    U1                                                0.000     0.000 r  C (IN)
                         net (fo=0)                   0.000     0.000    C
    U1                   IBUF (Prop_ibuf_I_O)         0.221     0.221 r  C_IBUF_inst/O
                         net (fo=3, routed)           0.544     0.765    C_IBUF
    SLICE_X65Y52         LUT3 (Prop_lut3_I0_O)        0.045     0.810 r  MON_OBUF[1]_inst_i_1/O
                         net (fo=1, routed)           0.440     1.250    MON_OBUF[1]
    P1                   OBUF (Prop_obuf_I_O)         1.216     2.466 r  MON_OBUF[1]_inst/O
                         net (fo=0)                   0.000     2.466    MON[1]
    P1                                                                r  MON[1] (OUT)
  -------------------------------------------------------------------    -------------------

Slack:                    inf
  Source:                 C
                            (input port)
  Destination:            MON[2]
                            (output port)
  Path Group:             (none)
  Path Type:              Min at Fast Process Corner
  Data Path Delay:        2.782ns  (logic 1.488ns (53.507%)  route 1.293ns (46.493%))
  Logic Levels:           3  (IBUF=1 LUT3=1 OBUF=1)

    Location             Delay type                Incr(ns)  Path(ns)    Netlist Resource(s)
  -------------------------------------------------------------------    -------------------
    U1                                                0.000     0.000 r  C (IN)
                         net (fo=0)                   0.000     0.000    C
    U1                   IBUF (Prop_ibuf_I_O)         0.221     0.221 r  C_IBUF_inst/O
                         net (fo=3, routed)           0.492     0.713    C_IBUF
    SLICE_X65Y52         LUT3 (Prop_lut3_I1_O)        0.045     0.758 r  MON_OBUF[2]_inst_i_1/O
                         net (fo=1, routed)           0.802     1.559    MON_OBUF[2]
    L1                   OBUF (Prop_obuf_I_O)         1.222     2.782 r  MON_OBUF[2]_inst/O
                         net (fo=0)                   0.000     2.782    MON[2]
    L1                                                                r  MON[2] (OUT)
  -------------------------------------------------------------------    -------------------

Slack:                    inf
  Source:                 C
                            (input port)
  Destination:            MON[0]
                            (output port)
  Path Group:             (none)
  Path Type:              Min at Fast Process Corner
  Data Path Delay:        2.785ns  (logic 1.537ns (55.207%)  route 1.247ns (44.793%))
  Logic Levels:           3  (IBUF=1 LUT3=1 OBUF=1)

    Location             Delay type                Incr(ns)  Path(ns)    Netlist Resource(s)
  -------------------------------------------------------------------    -------------------
    U1                                                0.000     0.000 r  C (IN)
                         net (fo=0)                   0.000     0.000    C
    U1                   IBUF (Prop_ibuf_I_O)         0.221     0.221 r  C_IBUF_inst/O
                         net (fo=3, routed)           0.544     0.765    C_IBUF
    SLICE_X65Y52         LUT3 (Prop_lut3_I0_O)        0.046     0.811 r  MON_OBUF[0]_inst_i_1/O
                         net (fo=1, routed)           0.704     1.514    MON_OBUF[0]
    N3                   OBUF (Prop_obuf_I_O)         1.270     2.785 r  MON_OBUF[0]_inst/O
                         net (fo=0)                   0.000     2.785    MON[0]
    N3                                                                r  MON[0] (OUT)
  -------------------------------------------------------------------    -------------------





