#-----------------------------------------------------------
# Vivado v2025.1 (64-bit)
# SW Build 6140274 on Thu May 22 00:12:29 MDT 2025
# IP Build 6138677 on Thu May 22 03:10:11 MDT 2025
# SharedData Build 6139179 on Tue May 20 17:58:58 MDT 2025
# Start of session at: Mon Nov  3 11:42:32 2025
# Process ID         : 7980
# Current directory  : C:/Users/juanp/OneDrive/Escritorio/Monedas/Monedas.runs/impl_1
# Command line       : vivado.exe -log ent_mon.vdi -applog -product Vivado -messageDb vivado.pb -mode batch -source ent_mon.tcl -notrace
# Log file           : C:/Users/juanp/OneDrive/Escritorio/Monedas/Monedas.runs/impl_1/ent_mon.vdi
# Journal file       : C:/Users/juanp/OneDrive/Escritorio/Monedas/Monedas.runs/impl_1\vivado.jou
# Running On         : LopzDWampotat
# Platform           : Windows Server 2016 or Windows 10
# Operating System   : 26200
# Processor Detail   : Intel(R) Core(TM) i7-10700K CPU @ 3.80GHz
# CPU Frequency      : 3792 MHz
# CPU Physical cores : 8
# CPU Logical cores  : 16
# Host memory        : 102992 MB
# Swap memory        : 6442 MB
# Total Virtual      : 109435 MB
# Available Virtual  : 91163 MB
#-----------------------------------------------------------
source ent_mon.tcl -notrace
