Copyright 1986-2022 Xilinx, Inc. All Rights Reserved.
---------------------------------------------------------------------------------------------------------------------------------------------------------------------------------------------------------------------
| Tool Version : Vivado v.2022.1 (win64) Build 3526262 Mon Apr 18 15:48:16 MDT 2022
| Date         : Wed Oct 15 10:54:56 2025
| Host         : PCCN112-02 running 64-bit major release  (build 9200)
| Command      : report_timing_summary -max_paths 10 -report_unconstrained -file ent_comp_timing_summary_routed.rpt -pb ent_comp_timing_summary_routed.pb -rpx ent_comp_timing_summary_routed.rpx -warn_on_violation
| Design       : ent_comp
| Device       : 7a35t-cpg236
| Speed File   : -1  PRODUCTION 1.23 2018-06-13
---------------------------------------------------------------------------------------------------------------------------------------------------------------------------------------------------------------------

Timing Summary Report

------------------------------------------------------------------------------------------------
| Timer Settings
| --------------
------------------------------------------------------------------------------------------------

  Enable Multi Corner Analysis               :  Yes
  Enable Pessimism Removal                   :  Yes
  Pessimism Removal Resolution               :  Nearest Common Node
  Enable Input Delay Default Clock           :  No
  Enable Preset / Clear Arcs                 :  No
  Disable Flight Delays                      :  No
  Ignore I/O Paths                           :  No
  Timing Early Launch at Borrowing Latches   :  No
  Borrow Time for Max Delay Exceptions       :  Yes
  Merge Timing Exceptions                    :  Yes

  Corner  Analyze    Analyze    
  Name    Max Paths  Min Paths  
  ------  ---------  ---------  
  Slow    Yes        Yes        
  Fast    Yes        Yes        


------------------------------------------------------------------------------------------------
| Report Methodology
| ------------------
------------------------------------------------------------------------------------------------

Rule  Severity  Description  Violations  
----  --------  -----------  ----------  

Note: This report is based on the most recent report_methodology run and may not be up-to-date. Run report_methodology on the current design for the latest report.



check_timing report

Table of Contents
-----------------
1. checking no_clock (0)
2. checking constant_clock (0)
3. checking pulse_width_clock (0)
4. checking unconstrained_internal_endpoints (0)
5. checking no_input_delay (0)
6. checking no_output_delay (0)
7. checking multiple_clock (0)
8. checking generated_clocks (0)
9. checking loops (0)
10. checking partial_input_delay (0)
11. checking partial_output_delay (0)
12. checking latch_loops (0)

1. checking no_clock (0)
------------------------
 There are 0 register/latch pins with no clock.


2. checking constant_clock (0)
------------------------------
 There are 0 register/latch pins with constant_clock.


3. checking pulse_width_clock (0)
---------------------------------
 There are 0 register/latch pins which need pulse_width check


4. checking unconstrained_internal_endpoints (0)
------------------------------------------------
 There are 0 pins that are not constrained for maximum delay.

 There are 0 pins that are not constrained for maximum delay due to constant clock.


5. checking no_input_delay (0)
------------------------------
 There are 0 input ports with no input delay specified.

 There are 0 input ports with no input delay but user has a false path constraint.


6. checking no_output_delay (0)
-------------------------------
 There are 0 ports with no output delay specified.

 There are 0 ports with no output delay but user has a false path constraint

 There are 0 ports with no output delay but with a timing clock defined on it or propagating through it


7. checking multiple_clock (0)
------------------------------
 There are 0 register/latch pins with multiple clocks.


8. checking generated_clocks (0)
--------------------------------
 There are 0 generated clocks that are not connected to a clock source.


9. checking loops (0)
---------------------
 There are 0 combinational loops in the design.


10. checking partial_input_delay (0)
------------------------------------
 There are 0 input ports with partial input delay specified.


11. checking partial_output_delay (0)
-------------------------------------
 There are 0 ports with partial output delay specified.


12. checking latch_loops (0)
----------------------------
 There are 0 combinational latch loops in the design through latch input



------------------------------------------------------------------------------------------------
| Design Timing Summary
| ---------------------
------------------------------------------------------------------------------------------------

    WNS(ns)      TNS(ns)  TNS Failing Endpoints  TNS Total Endpoints      WHS(ns)      THS(ns)  THS Failing Endpoints  THS Total Endpoints     WPWS(ns)     TPWS(ns)  TPWS Failing Endpoints  TPWS Total Endpoints  
    -------      -------  ---------------------  -------------------      -------      -------  ---------------------  -------------------     --------     --------  ----------------------  --------------------  
        inf        0.000                      0                    3          inf        0.000                      0                    3           NA           NA                      NA                    NA  


There are no user specified timing constraints.


------------------------------------------------------------------------------------------------
| Clock Summary
| -------------
------------------------------------------------------------------------------------------------


------------------------------------------------------------------------------------------------
| Intra Clock Table
| -----------------
------------------------------------------------------------------------------------------------

Clock             WNS(ns)      TNS(ns)  TNS Failing Endpoints  TNS Total Endpoints      WHS(ns)      THS(ns)  THS Failing Endpoints  THS Total Endpoints     WPWS(ns)     TPWS(ns)  TPWS Failing Endpoints  TPWS Total Endpoints  
-----             -------      -------  ---------------------  -------------------      -------      -------  ---------------------  -------------------     --------     --------  ----------------------  --------------------  


------------------------------------------------------------------------------------------------
| Inter Clock Table
| -----------------
------------------------------------------------------------------------------------------------

From Clock    To Clock          WNS(ns)      TNS(ns)  TNS Failing Endpoints  TNS Total Endpoints      WHS(ns)      THS(ns)  THS Failing Endpoints  THS Total Endpoints  
----------    --------          -------      -------  ---------------------  -------------------      -------      -------  ---------------------  -------------------  


------------------------------------------------------------------------------------------------
| Other Path Groups Table
| -----------------------
------------------------------------------------------------------------------------------------

Path Group    From Clock    To Clock          WNS(ns)      TNS(ns)  TNS Failing Endpoints  TNS Total Endpoints      WHS(ns)      THS(ns)  THS Failing Endpoints  THS Total Endpoints  
----------    ----------    --------          -------      -------  ---------------------  -------------------      -------      -------  ---------------------  -------------------  


------------------------------------------------------------------------------------------------
| User Ignored Path Table
| -----------------------
------------------------------------------------------------------------------------------------

Path Group    From Clock    To Clock    
----------    ----------    --------    


------------------------------------------------------------------------------------------------
| Unconstrained Path Table
| ------------------------
------------------------------------------------------------------------------------------------

Path Group    From Clock    To Clock    
----------    ----------    --------    
(none)                                    


------------------------------------------------------------------------------------------------
| Timing Details
| --------------
------------------------------------------------------------------------------------------------


--------------------------------------------------------------------------------------
Path Group:  (none)
From Clock:  
  To Clock:  

Max Delay             3 Endpoints
Min Delay             3 Endpoints
--------------------------------------------------------------------------------------


Max Delay Paths
--------------------------------------------------------------------------------------
Slack:                    inf
  Source:                 B
                            (input port)
  Destination:            IG
                            (output port)
  Path Group:             (none)
  Path Type:              Max at Slow Process Corner
  Data Path Delay:        9.265ns  (logic 5.343ns (57.668%)  route 3.922ns (42.332%))
  Logic Levels:           3  (IBUF=1 LUT2=1 OBUF=1)

    Location             Delay type                Incr(ns)  Path(ns)    Netlist Resource(s)
  -------------------------------------------------------------------    -------------------
    V16                                               0.000     0.000 r  B (IN)
                         net (fo=0)                   0.000     0.000    B
    V16                  IBUF (Prop_ibuf_I_O)         1.461     1.461 r  B_IBUF_inst/O
                         net (fo=3, routed)           1.215     2.676    B_IBUF
    SLICE_X0Y12          LUT2 (Prop_lut2_I0_O)        0.150     2.826 r  IG_OBUF_inst_i_1/O
                         net (fo=1, routed)           2.707     5.533    IG_OBUF
    E19                  OBUF (Prop_obuf_I_O)         3.732     9.265 r  IG_OBUF_inst/O
                         net (fo=0)                   0.000     9.265    IG
    E19                                                               r  IG (OUT)
  -------------------------------------------------------------------    -------------------

Slack:                    inf
  Source:                 B
                            (input port)
  Destination:            MI
                            (output port)
  Path Group:             (none)
  Path Type:              Max at Slow Process Corner
  Data Path Delay:        8.168ns  (logic 5.086ns (62.269%)  route 3.082ns (37.731%))
  Logic Levels:           3  (IBUF=1 LUT2=1 OBUF=1)

    Location             Delay type                Incr(ns)  Path(ns)    Netlist Resource(s)
  -------------------------------------------------------------------    -------------------
    V16                                               0.000     0.000 r  B (IN)
                         net (fo=0)                   0.000     0.000    B
    V16                  IBUF (Prop_ibuf_I_O)         1.461     1.461 r  B_IBUF_inst/O
                         net (fo=3, routed)           1.215     2.676    B_IBUF
    SLICE_X0Y12          LUT2 (Prop_lut2_I0_O)        0.124     2.800 r  MI_OBUF_inst_i_1/O
                         net (fo=1, routed)           1.867     4.667    MI_OBUF
    U19                  OBUF (Prop_obuf_I_O)         3.501     8.168 r  MI_OBUF_inst/O
                         net (fo=0)                   0.000     8.168    MI
    U19                                                               r  MI (OUT)
  -------------------------------------------------------------------    -------------------

Slack:                    inf
  Source:                 A
                            (input port)
  Destination:            MA
                            (output port)
  Path Group:             (none)
  Path Type:              Max at Slow Process Corner
  Data Path Delay:        8.042ns  (logic 5.082ns (63.185%)  route 2.961ns (36.815%))
  Logic Levels:           3  (IBUF=1 LUT2=1 OBUF=1)

    Location             Delay type                Incr(ns)  Path(ns)    Netlist Resource(s)
  -------------------------------------------------------------------    -------------------
    V17                                               0.000     0.000 r  A (IN)
                         net (fo=0)                   0.000     0.000    A
    V17                  IBUF (Prop_ibuf_I_O)         1.453     1.453 r  A_IBUF_inst/O
                         net (fo=3, routed)           1.084     2.537    A_IBUF
    SLICE_X0Y11          LUT2 (Prop_lut2_I0_O)        0.124     2.661 r  MA_OBUF_inst_i_1/O
                         net (fo=1, routed)           1.877     4.538    MA_OBUF
    U16                  OBUF (Prop_obuf_I_O)         3.505     8.042 r  MA_OBUF_inst/O
                         net (fo=0)                   0.000     8.042    MA
    U16                                                               r  MA (OUT)
  -------------------------------------------------------------------    -------------------





Min Delay Paths
--------------------------------------------------------------------------------------
Slack:                    inf
  Source:                 B
                            (input port)
  Destination:            MA
                            (output port)
  Path Group:             (none)
  Path Type:              Min at Fast Process Corner
  Data Path Delay:        2.259ns  (logic 1.480ns (65.534%)  route 0.779ns (34.466%))
  Logic Levels:           3  (IBUF=1 LUT2=1 OBUF=1)

    Location             Delay type                Incr(ns)  Path(ns)    Netlist Resource(s)
  -------------------------------------------------------------------    -------------------
    V16                                               0.000     0.000 f  B (IN)
                         net (fo=0)                   0.000     0.000    B
    V16                  IBUF (Prop_ibuf_I_O)         0.229     0.229 f  B_IBUF_inst/O
                         net (fo=3, routed)           0.351     0.581    B_IBUF
    SLICE_X0Y11          LUT2 (Prop_lut2_I1_O)        0.045     0.626 r  MA_OBUF_inst_i_1/O
                         net (fo=1, routed)           0.427     1.053    MA_OBUF
    U16                  OBUF (Prop_obuf_I_O)         1.206     2.259 r  MA_OBUF_inst/O
                         net (fo=0)                   0.000     2.259    MA
    U16                                                               r  MA (OUT)
  -------------------------------------------------------------------    -------------------

Slack:                    inf
  Source:                 A
                            (input port)
  Destination:            MI
                            (output port)
  Path Group:             (none)
  Path Type:              Min at Fast Process Corner
  Data Path Delay:        2.297ns  (logic 1.468ns (63.918%)  route 0.829ns (36.082%))
  Logic Levels:           3  (IBUF=1 LUT2=1 OBUF=1)

    Location             Delay type                Incr(ns)  Path(ns)    Netlist Resource(s)
  -------------------------------------------------------------------    -------------------
    V17                                               0.000     0.000 f  A (IN)
                         net (fo=0)                   0.000     0.000    A
    V17                  IBUF (Prop_ibuf_I_O)         0.221     0.221 f  A_IBUF_inst/O
                         net (fo=3, routed)           0.404     0.625    A_IBUF
    SLICE_X0Y12          LUT2 (Prop_lut2_I1_O)        0.045     0.670 r  MI_OBUF_inst_i_1/O
                         net (fo=1, routed)           0.425     1.095    MI_OBUF
    U19                  OBUF (Prop_obuf_I_O)         1.202     2.297 r  MI_OBUF_inst/O
                         net (fo=0)                   0.000     2.297    MI
    U19                                                               r  MI (OUT)
  -------------------------------------------------------------------    -------------------

Slack:                    inf
  Source:                 A
                            (input port)
  Destination:            IG
                            (output port)
  Path Group:             (none)
  Path Type:              Min at Fast Process Corner
  Data Path Delay:        2.760ns  (logic 1.562ns (56.588%)  route 1.198ns (43.412%))
  Logic Levels:           3  (IBUF=1 LUT2=1 OBUF=1)

    Location             Delay type                Incr(ns)  Path(ns)    Netlist Resource(s)
  -------------------------------------------------------------------    -------------------
    V17                                               0.000     0.000 r  A (IN)
                         net (fo=0)                   0.000     0.000    A
    V17                  IBUF (Prop_ibuf_I_O)         0.221     0.221 r  A_IBUF_inst/O
                         net (fo=3, routed)           0.404     0.625    A_IBUF
    SLICE_X0Y12          LUT2 (Prop_lut2_I1_O)        0.048     0.673 r  IG_OBUF_inst_i_1/O
                         net (fo=1, routed)           0.794     1.467    IG_OBUF
    E19                  OBUF (Prop_obuf_I_O)         1.293     2.760 r  IG_OBUF_inst/O
                         net (fo=0)                   0.000     2.760    IG
    E19                                                               r  IG (OUT)
  -------------------------------------------------------------------    -------------------





