This is pdfTeX, Version 3.141592653-2.6-1.40.27 (MiKTeX 25.4) (preloaded format=pdflatex 2025.9.7)  4 NOV 2025 21:53
entering extended mode
 restricted \write18 enabled.
 file:line:error style messages enabled.
 %&-line parsing enabled.
**"c:/Users/juanp/OneDrive/Documentos/GitHub/Digital-Design/Report 5 Amy/main.tex"
(c:/Users/juanp/OneDrive/Documentos/GitHub/Digital-Design/Report 5 Amy/main.tex
LaTeX2e <2025-06-01> patch level 1
L3 programming layer <2025-08-13>
(C:\Users\juanp\AppData\Local\Programs\MiKTeX\tex/latex/base\article.cls
Document Class: article 2025/01/22 v1.4n Standard LaTeX document class
(C:\Users\juanp\AppData\Local\Programs\MiKTeX\tex/latex/base\size10.clo
File: size10.clo 2025/01/22 v1.4n Standard LaTeX file (size option)
)
\c@part=\count275
\c@section=\count276
\c@subsection=\count277
\c@subsubsection=\count278
\c@paragraph=\count279
\c@subparagraph=\count280
\c@figure=\count281
\c@table=\count282
\abovecaptionskip=\skip49
\belowcaptionskip=\skip50
\bibindent=\dimen148
) (C:\Users\juanp\AppData\Local\Programs\MiKTeX\tex/generic/babel\babel.sty
Package: babel 2025/08/03 v25.12 The multilingual framework for LuaLaTeX, pdfLaTeX and XeLaTeX
\babel@savecnt=\count283
LaTeX Encoding Info:    Redeclaring text command \ij (encoding OT1) on input line 2045.
LaTeX Encoding Info:    Redeclaring text command \IJ (encoding OT1) on input line 2047.
LaTeX Encoding Info:    Redeclaring text command \ij (encoding T1) on input line 2049.
LaTeX Encoding Info:    Redeclaring text command \IJ (encoding T1) on input line 2050.
LaTeX Encoding Info:    Ignoring declaration for text command \ij (encoding ?) on input line 2051.
LaTeX Encoding Info:    Ignoring declaration for text command \IJ (encoding ?) on input line 2053.
LaTeX Encoding Info:    Ignoring declaration for text command \SS (encoding ?) on input line 2078.
\U@D=\dimen149
\l@unhyphenated=\language79
 (C:\Users\juanp\AppData\Local\Programs\MiKTeX\tex/generic/babel\txtbabel.def)
\bbl@readstream=\read2
\bbl@dirlevel=\count284

*************************************
* Local config file bblopts.cfg used
*
(C:\Users\juanp\AppData\Local\Programs\MiKTeX\tex/latex/arabi\bblopts.cfg
File: bblopts.cfg 2005/09/08 v0.1 add Arabic and Farsi to "declared" options of babel
) (C:\Users\juanp\AppData\Local\Programs\MiKTeX\tex/latex/babel-english\english.ldf
Language: english 2017/06/06 v3.3r English support from the babel system
 (C:\Users\juanp\AppData\Local\Programs\MiKTeX\tex/generic/babel/locale/en\babel-english.tex
Package babel Info: Importing font and identification data for english
(babel)             from babel-en.ini. Reported on input line 12.
)
Package babel Info: Hyphen rules for 'canadian' set to \l@english
(babel)             (\language0). Reported on input line 102.
Package babel Info: Hyphen rules for 'australian' set to \l@ukenglish
(babel)             (\language73). Reported on input line 105.
Package babel Info: Hyphen rules for 'newzealand' set to \l@ukenglish
(babel)             (\language73). Reported on input line 108.
)) (C:\Users\juanp\AppData\Local\Programs\MiKTeX\tex/latex/listings\listings.sty (C:\Users\juanp\AppData\Local\Programs\MiKTeX\tex/latex/graphics\keyval.sty
Package: keyval 2022/05/29 v1.15 key=value parser (DPC)
\KV@toks@=\toks17
)
\lst@mode=\count285
\lst@gtempboxa=\box53
\lst@token=\toks18
\lst@length=\count286
\lst@currlwidth=\dimen150
\lst@column=\count287
\lst@pos=\count288
\lst@lostspace=\dimen151
\lst@width=\dimen152
\lst@newlines=\count289
\lst@lineno=\count290
\lst@maxwidth=\dimen153
 (C:\Users\juanp\AppData\Local\Programs\MiKTeX\tex/latex/listings\lstpatch.sty
File: lstpatch.sty 2024/09/23 1.10c (Carsten Heinz)
) (C:\Users\juanp\AppData\Local\Programs\MiKTeX\tex/latex/listings\lstmisc.sty
File: lstmisc.sty 2024/09/23 1.10c (Carsten Heinz)
\c@lstnumber=\count291
\lst@skipnumbers=\count292
\lst@framebox=\box54
) (C:\Users\juanp\AppData\Local\Programs\MiKTeX\tex/latex/listings\listings.cfg
File: listings.cfg 2024/09/23 1.10c listings configuration
))
Package: listings 2024/09/23 1.10c (Carsten Heinz)
 (C:\Users\juanp\AppData\Local\Programs\MiKTeX\tex/latex/base\inputenc.sty
Package: inputenc 2024/02/08 v1.3d Input encoding file
\inpenc@prehook=\toks19
\inpenc@posthook=\toks20
) (C:\Users\juanp\AppData\Local\Programs\MiKTeX\tex/latex/amsmath\amsmath.sty
Package: amsmath 2025/06/16 v2.17y AMS math features
\@mathmargin=\skip51

For additional information on amsmath, use the `?' option.
(C:\Users\juanp\AppData\Local\Programs\MiKTeX\tex/latex/amsmath\amstext.sty
Package: amstext 2024/11/17 v2.01 AMS text
 (C:\Users\juanp\AppData\Local\Programs\MiKTeX\tex/latex/amsmath\amsgen.sty
File: amsgen.sty 1999/11/30 v2.0 generic functions
\@emptytoks=\toks21
\ex@=\dimen154
)) (C:\Users\juanp\AppData\Local\Programs\MiKTeX\tex/latex/amsmath\amsbsy.sty
Package: amsbsy 1999/11/29 v1.2d Bold Symbols
\pmbraise@=\dimen155
) (C:\Users\juanp\AppData\Local\Programs\MiKTeX\tex/latex/amsmath\amsopn.sty
Package: amsopn 2022/04/08 v2.04 operator names
)
\inf@bad=\count293
LaTeX Info: Redefining \frac on input line 233.
\uproot@=\count294
\leftroot@=\count295
LaTeX Info: Redefining \overline on input line 398.
LaTeX Info: Redefining \colon on input line 409.
\classnum@=\count296
\DOTSCASE@=\count297
LaTeX Info: Redefining \ldots on input line 495.
LaTeX Info: Redefining \dots on input line 498.
LaTeX Info: Redefining \cdots on input line 619.
\Mathstrutbox@=\box55
\strutbox@=\box56
LaTeX Info: Redefining \big on input line 721.
LaTeX Info: Redefining \Big on input line 722.
LaTeX Info: Redefining \bigg on input line 723.
LaTeX Info: Redefining \Bigg on input line 724.
\big@size=\dimen156
LaTeX Font Info:    Redeclaring font encoding OML on input line 742.
LaTeX Font Info:    Redeclaring font encoding OMS on input line 743.
\macc@depth=\count298
LaTeX Info: Redefining \bmod on input line 904.
LaTeX Info: Redefining \pmod on input line 909.
LaTeX Info: Redefining \smash on input line 939.
LaTeX Info: Redefining \relbar on input line 969.
LaTeX Info: Redefining \Relbar on input line 970.
\c@MaxMatrixCols=\count299
\dotsspace@=\muskip17
\c@parentequation=\count300
\dspbrk@lvl=\count301
\tag@help=\toks22
\row@=\count302
\column@=\count303
\maxfields@=\count304
\andhelp@=\toks23
\eqnshift@=\dimen157
\alignsep@=\dimen158
\tagshift@=\dimen159
\tagwidth@=\dimen160
\totwidth@=\dimen161
\lineht@=\dimen162
\@envbody=\toks24
\multlinegap=\skip52
\multlinetaggap=\skip53
\mathdisplay@stack=\toks25
LaTeX Info: Redefining \[ on input line 2949.
LaTeX Info: Redefining \] on input line 2950.
) (C:\Users\juanp\AppData\Local\Programs\MiKTeX\tex/latex/amsfonts\amsfonts.sty
Package: amsfonts 2013/01/14 v3.01 Basic AMSFonts support
\symAMSa=\mathgroup4
\symAMSb=\mathgroup5
LaTeX Font Info:    Redeclaring math symbol \hbar on input line 98.
LaTeX Font Info:    Overwriting math alphabet `\mathfrak' in version `bold'
(Font)                  U/euf/m/n --> U/euf/b/n on input line 106.
) (C:\Users\juanp\AppData\Local\Programs\MiKTeX\tex/latex/amsfonts\amssymb.sty
Package: amssymb 2013/01/14 v3.01 AMS font symbols
) (C:\Users\juanp\AppData\Local\Programs\MiKTeX\tex/latex/amscls\amsthm.sty
Package: amsthm 2020/05/29 v2.20.6
\thm@style=\toks26
\thm@bodyfont=\toks27
\thm@headfont=\toks28
\thm@notefont=\toks29
\thm@headpunct=\toks30
\thm@preskip=\skip54
\thm@postskip=\skip55
\thm@headsep=\skip56
\dth@everypar=\toks31
) (C:\Users\juanp\AppData\Local\Programs\MiKTeX\tex/latex/amsmath\amscd.sty
Package: amscd 2017/04/14 v2.1 AMS Commutative Diagrams
\athelp@=\toks32
\minaw@=\dimen163
\bigaw@=\dimen164
\minCDarrowwidth=\dimen165
) (C:\Users\juanp\AppData\Local\Programs\MiKTeX\tex/latex/graphics\graphicx.sty
Package: graphicx 2024/12/31 v1.2e Enhanced LaTeX Graphics (DPC,SPQR)
 (C:\Users\juanp\AppData\Local\Programs\MiKTeX\tex/latex/graphics\graphics.sty
Package: graphics 2024/08/06 v1.4g Standard LaTeX Graphics (DPC,SPQR)
 (C:\Users\juanp\AppData\Local\Programs\MiKTeX\tex/latex/graphics\trig.sty
Package: trig 2023/12/02 v1.11 sin cos tan (DPC)
) (C:\Users\juanp\AppData\Local\Programs\MiKTeX\tex/latex/graphics-cfg\graphics.cfg
File: graphics.cfg 2016/06/04 v1.11 sample graphics configuration
)
Package graphics Info: Driver file: pdftex.def on input line 106.
 (C:\Users\juanp\AppData\Local\Programs\MiKTeX\tex/latex/graphics-def\pdftex.def
File: pdftex.def 2024/04/13 v1.2c Graphics/color driver for pdftex
))
\Gin@req@height=\dimen166
\Gin@req@width=\dimen167
) (C:\Users\juanp\AppData\Local\Programs\MiKTeX\tex/latex/float\float.sty
Package: float 2001/11/08 v1.3d Float enhancements (AL)
\c@float@type=\count305
\float@exts=\toks33
\float@box=\box57
\@float@everytoks=\toks34
\@floatcapt=\box58
) (C:\Users\juanp\AppData\Local\Programs\MiKTeX\tex/latex/here\here.sty) (C:\Users\juanp\AppData\Local\Programs\MiKTeX\tex/latex/tools\multicol.sty
Package: multicol 2025/05/25 v2.0a multicolumn formatting (FMi)
\c@tracingmulticols=\count306
\mult@box=\box59
\multicol@leftmargin=\dimen168
\c@unbalance=\count307
\c@collectmore=\count308
\doublecol@number=\count309
\multicoltolerance=\count310
\multicolpretolerance=\count311
\full@width=\dimen169
\page@free=\dimen170
\premulticols=\dimen171
\postmulticols=\dimen172
\multicolsep=\skip57
\multicolbaselineskip=\skip58
\partial@page=\box60
\last@line=\box61
\mc@boxedresult=\box62
\maxbalancingoverflow=\dimen173
\mult@rightbox=\box63
\mult@grightbox=\box64
\mult@firstbox=\box65
\mult@gfirstbox=\box66
\@tempa=\box67
\@tempa=\box68
\@tempa=\box69
\@tempa=\box70
\@tempa=\box71
\@tempa=\box72
\@tempa=\box73
\@tempa=\box74
\@tempa=\box75
\@tempa=\box76
\@tempa=\box77
\@tempa=\box78
\@tempa=\box79
\@tempa=\box80
\@tempa=\box81
\@tempa=\box82
\@tempa=\box83
\@tempa=\box84
\@tempa=\box85
\@tempa=\box86
\@tempa=\box87
\@tempa=\box88
\@tempa=\box89
\@tempa=\box90
\@tempa=\box91
\@tempa=\box92
\@tempa=\box93
\@tempa=\box94
\@tempa=\box95
\@tempa=\box96
\@tempa=\box97
\@tempa=\box98
\@tempa=\box99
\@tempa=\box100
\@tempa=\box101
\@tempa=\box102
\c@minrows=\count312
\c@columnbadness=\count313
\c@finalcolumnbadness=\count314
\last@try=\dimen174
\multicolovershoot=\dimen175
\multicolundershoot=\dimen176
\mult@nat@firstbox=\box103
\colbreak@box=\box104
\mc@col@check@num=\count315
\g__mc_curr_col_int=\count316
) (C:\Users\juanp\AppData\Local\Programs\MiKTeX\tex/latex/fancyhdr\fancyhdr.sty
Package: fancyhdr 2025/02/07 v5.2 Extensive control of page headers and footers
\f@nch@headwidth=\skip59
\f@nch@offset@elh=\skip60
\f@nch@offset@erh=\skip61
\f@nch@offset@olh=\skip62
\f@nch@offset@orh=\skip63
\f@nch@offset@elf=\skip64
\f@nch@offset@erf=\skip65
\f@nch@offset@olf=\skip66
\f@nch@offset@orf=\skip67
\f@nch@height=\skip68
\f@nch@footalignment=\skip69
\f@nch@widthL=\skip70
\f@nch@widthC=\skip71
\f@nch@widthR=\skip72
\@temptokenb=\toks35
) (C:\Users\juanp\AppData\Local\Programs\MiKTeX\tex/latex/geometry\geometry.sty
Package: geometry 2020/01/02 v5.9 Page Geometry
 (C:\Users\juanp\AppData\Local\Programs\MiKTeX\tex/generic/iftex\ifvtex.sty
Package: ifvtex 2019/10/25 v1.7 ifvtex legacy package. Use iftex instead.
 (C:\Users\juanp\AppData\Local\Programs\MiKTeX\tex/generic/iftex\iftex.sty
Package: iftex 2024/12/12 v1.0g TeX engine tests
))
\Gm@cnth=\count317
\Gm@cntv=\count318
\c@Gm@tempcnt=\count319
\Gm@bindingoffset=\dimen177
\Gm@wd@mp=\dimen178
\Gm@odd@mp=\dimen179
\Gm@even@mp=\dimen180
\Gm@layoutwidth=\dimen181
\Gm@layoutheight=\dimen182
\Gm@layouthoffset=\dimen183
\Gm@layoutvoffset=\dimen184
\Gm@dimlist=\toks36
 (C:\Users\juanp\AppData\Local\Programs\MiKTeX\tex/latex/geometry\geometry.cfg)) (C:\Users\juanp\AppData\Local\Programs\MiKTeX\tex/latex/l3backend\l3backend-pdftex.def
File: l3backend-pdftex.def 2025-06-09 L3 backend support: PDF output (pdfTeX)
\l__color_backend_stack_int=\count320
) (main.aux

LaTeX Warning: Label `lst:vhdl_juego' multiply defined.


LaTeX Warning: Label `lst:vhdl_tb_juego' multiply defined.


LaTeX Warning: Label `fig:lab_cis_eda' multiply defined.


LaTeX Warning: Label `lst:vhdl_juego' multiply defined.


LaTeX Warning: Label `lst:vhdl_tb_juego' multiply defined.

)
\openout1 = `main.aux'.

LaTeX Font Info:    Checking defaults for OML/cmm/m/it on input line 25.
LaTeX Font Info:    ... okay on input line 25.
LaTeX Font Info:    Checking defaults for OMS/cmsy/m/n on input line 25.
LaTeX Font Info:    ... okay on input line 25.
LaTeX Font Info:    Checking defaults for OT1/cmr/m/n on input line 25.
LaTeX Font Info:    ... okay on input line 25.
LaTeX Font Info:    Checking defaults for T1/cmr/m/n on input line 25.
LaTeX Font Info:    ... okay on input line 25.
LaTeX Font Info:    Checking defaults for TS1/cmr/m/n on input line 25.
LaTeX Font Info:    ... okay on input line 25.
LaTeX Font Info:    Checking defaults for OMX/cmex/m/n on input line 25.
LaTeX Font Info:    ... okay on input line 25.
LaTeX Font Info:    Checking defaults for U/cmr/m/n on input line 25.
LaTeX Font Info:    ... okay on input line 25.
\c@lstlisting=\count321
 (C:\Users\juanp\AppData\Local\Programs\MiKTeX\tex/context/base/mkii\supp-pdf.mkii
[Loading MPS to PDF converter (version 2006.09.02).]
\scratchcounter=\count322
\scratchdimen=\dimen185
\scratchbox=\box105
\nofMPsegments=\count323
\nofMParguments=\count324
\everyMPshowfont=\toks37
\MPscratchCnt=\count325
\MPscratchDim=\dimen186
\MPnumerator=\count326
\makeMPintoPDFobject=\count327
\everyMPtoPDFconversion=\toks38
) (C:\Users\juanp\AppData\Local\Programs\MiKTeX\tex/latex/epstopdf-pkg\epstopdf-base.sty
Package: epstopdf-base 2020-01-24 v2.11 Base part for package epstopdf
Package epstopdf-base Info: Redefining graphics rule for `.eps' on input line 485.
 (C:\Users\juanp\AppData\Local\Programs\MiKTeX\tex/latex/00miktex\epstopdf-sys.cfg
File: epstopdf-sys.cfg 2021/03/18 v2.0 Configuration of epstopdf for MiKTeX
))
*geometry* driver: auto-detecting
*geometry* detected driver: pdftex
*geometry* verbose mode - [ preamble ] result:
* driver: pdftex
* paper: custom
* layout: <same size as paper>
* layoutoffset:(h,v)=(0.0pt,0.0pt)
* modes: 
* h-part:(L,W,R)=(72.26999pt, 469.75502pt, 72.26999pt)
* v-part:(T,H,B)=(72.26999pt, 650.43001pt, 72.26999pt)
* \paperwidth=614.295pt
* \paperheight=794.96999pt
* \textwidth=469.75502pt
* \textheight=650.43001pt
* \oddsidemargin=0.0pt
* \evensidemargin=0.0pt
* \topmargin=-40.2pt
* \headheight=15.2pt
* \headsep=25.0pt
* \topskip=10.0pt
* \footskip=30.0pt
* \marginparwidth=65.0pt
* \marginparsep=11.0pt
* \columnsep=10.0pt
* \skip\footins=9.0pt plus 4.0pt minus 2.0pt
* \hoffset=0.0pt
* \voffset=0.0pt
* \mag=1000
* \@twocolumnfalse
* \@twosidefalse
* \@mparswitchfalse
* \@reversemarginfalse
* (1in=72.27pt=25.4mm, 1cm=28.453pt)

LaTeX Font Info:    Trying to load font information for U+msa on input line 37.
(C:\Users\juanp\AppData\Local\Programs\MiKTeX\tex/latex/amsfonts\umsa.fd
File: umsa.fd 2013/01/14 v3.01 AMS symbols A
)
LaTeX Font Info:    Trying to load font information for U+msb on input line 37.
 (C:\Users\juanp\AppData\Local\Programs\MiKTeX\tex/latex/amsfonts\umsb.fd
File: umsb.fd 2013/01/14 v3.01 AMS symbols B
)





[1{C:/Users/juanp/AppData/Local/MiKTeX/fonts/map/pdftex/pdftex.map}

]
Underfull \hbox (badness 10000) in paragraph at lines 76--76
[]\OT1/cmr/bx/n/12 EDA Play-ground Sim-u-la-tion
 []







[2] (C:\Users\juanp\AppData\Local\Programs\MiKTeX\tex/latex/listings\lstlang1.sty
File: lstlang1.sty 2024/09/23 1.10c listings language file
) (codigos/VHDL/Cisterna/design.vhd
Overfull \hbox (22.12506pt too wide) in paragraph at lines 13--14
[][][][][][][][][][][][][] 
 []


Overfull \hbox (46.1253pt too wide) in paragraph at lines 14--16
[][][][][][][][][][][][][][] 
 []

LaTeX Font Info:    Trying to load font information for OML+cmr on input line 18.
(C:\Users\juanp\AppData\Local\Programs\MiKTeX\tex/latex/base\omlcmr.fd
File: omlcmr.fd 2024/11/19 v2.5n Standard LaTeX font definitions
)
LaTeX Font Info:    Font shape `OML/cmr/m/n' in size <10> not available
(Font)              Font shape `OML/cmm/m/it' tried instead on input line 18.
LaTeX Font Info:    Font shape `OML/cmr/m/it' in size <10> not available
(Font)              Font shape `OML/cmm/m/it' tried instead on input line 19.
) (codigos/VHDL/Cisterna/testbench.vhd
Overfull \hbox (16.125pt too wide) in paragraph at lines 21--22
[][][][][][][][][][][][][][][][][][] 
 []


Overfull \hbox (100.12585pt too wide) in paragraph at lines 27--29
[][][][][][][][][][][][][][][][][][][][][][][][][][] 
 []







[3])
<Imagenes/ppt.jpg, id=22, 1606.0pt x 313.17pt>
File: Imagenes/ppt.jpg Graphic file (type jpg)
<use Imagenes/ppt.jpg>
Package pdftex.def Info: Imagenes/ppt.jpg  used on input line 170.
(pdftex.def)             Requested size: 234.8775pt x 45.79793pt.

Overfull \hbox (5.0pt too wide) in paragraph at lines 170--171
 [][] 
 []

<Imagenes/AWIN.jpg, id=23, 4300.065pt x 5733.42pt>
File: Imagenes/AWIN.jpg Graphic file (type jpg)
<use Imagenes/AWIN.jpg>
Package pdftex.def Info: Imagenes/AWIN.jpg  used on input line 176.
(pdftex.def)             Requested size: 140.92793pt x 187.82993pt.






[4]
<Imagenes/BWIN.jpg, id=27, 4300.065pt x 5733.42pt>
File: Imagenes/BWIN.jpg Graphic file (type jpg)
<use Imagenes/BWIN.jpg>
Package pdftex.def Info: Imagenes/BWIN.jpg  used on input line 182.
(pdftex.def)             Requested size: 140.92793pt x 187.82993pt.
<Imagenes/TIE.jpg, id=28, 4300.065pt x 5733.42pt>
File: Imagenes/TIE.jpg Graphic file (type jpg)
<use Imagenes/TIE.jpg>
Package pdftex.def Info: Imagenes/TIE.jpg  used on input line 188.
(pdftex.def)             Requested size: 140.92793pt x 187.82993pt.
 (codigos/VHDL/Cisterna/design.vhd





[5 <./Imagenes/ppt.jpg> <./Imagenes/AWIN.jpg> <./Imagenes/BWIN.jpg> <./Imagenes/TIE.jpg>]
Overfull \hbox (22.12506pt too wide) in paragraph at lines 13--14
[][][][][][][][][][][][][] 
 []


Overfull \hbox (46.1253pt too wide) in paragraph at lines 14--16
[][][][][][][][][][][][][][] 
 []

) (codigos/VHDL/Cisterna/testbench.vhd
Overfull \hbox (16.125pt too wide) in paragraph at lines 21--22
[][][][][][][][][][][][][][][][][][] 
 []


Overfull \hbox (100.12585pt too wide) in paragraph at lines 27--29
[][][][][][][][][][][][][][][][][][][][][][][][][][] 
 []







[6])
<Imagenes/Cis.png, id=36, 1392.70313pt x 85.06781pt>
File: Imagenes/Cis.png Graphic file (type png)
<use Imagenes/Cis.png>
Package pdftex.def Info: Imagenes/Cis.png  used on input line 234.
(pdftex.def)             Requested size: 234.8775pt x 14.34581pt.

Overfull \hbox (5.0pt too wide) in paragraph at lines 234--235
 [][] 
 []

<Imagenes/ONCIS1.jpg, id=38, 4300.065pt x 5733.42pt>
File: Imagenes/ONCIS1.jpg Graphic file (type jpg)
<use Imagenes/ONCIS1.jpg>
Package pdftex.def Info: Imagenes/ONCIS1.jpg  used on input line 240.
(pdftex.def)             Requested size: 140.92793pt x 187.82993pt.
<Imagenes/OFFCIS.jpg, id=39, 4300.065pt x 5733.42pt>
File: Imagenes/OFFCIS.jpg Graphic file (type jpg)
<use Imagenes/OFFCIS.jpg>
Package pdftex.def Info: Imagenes/OFFCIS.jpg  used on input line 246.
(pdftex.def)             Requested size: 140.92793pt x 187.82993pt.






[7 <./Imagenes/Cis.png> <./Imagenes/ONCIS1.jpg>] (codigos/VHDL/Monedas/design.vhd
Overfull \hbox (52.12537pt too wide) in paragraph at lines 7--8
[][][][][][][][][][][][][][] 
 []


Overfull \hbox (16.125pt too wide) in paragraph at lines 12--14
[][][][][][][][][][][] 
 []


Overfull \hbox (34.12518pt too wide) in paragraph at lines 14--16
[][][][][][][][][][][][][] 
 []


Overfull \hbox (22.12506pt too wide) in paragraph at lines 19--20
[][][][][][][][][][][][][][][][][][][][][][][][] 
 []

) (codigos/VHDL/Monedas/testbench.vhd
Overfull \hbox (16.125pt too wide) in paragraph at lines 16--17
[][][][][][][][][][][][][][] 
 []


Overfull \hbox (40.12524pt too wide) in paragraph at lines 20--22
[][][][][][][][][][][][][] 
 []


Overfull \hbox (94.1258pt too wide) in paragraph at lines 25--27
[][][][][][][][][][][][][][][][][][][][][][][] 
 []







[8 <./Imagenes/OFFCIS.jpg>])
<Imagenes/mon.png, id=48, 1392.70313pt x 283.0575pt>
File: Imagenes/mon.png Graphic file (type png)
<use Imagenes/mon.png>
Package pdftex.def Info: Imagenes/mon.png  used on input line 281.
(pdftex.def)             Requested size: 234.8775pt x 47.73473pt.

Overfull \hbox (5.0pt too wide) in paragraph at lines 281--282
 [][] 
 []

<Imagenes/1coin.jpg, id=49, 4300.065pt x 5733.42pt>
File: Imagenes/1coin.jpg Graphic file (type jpg)
<use Imagenes/1coin.jpg>
Package pdftex.def Info: Imagenes/1coin.jpg  used on input line 287.
(pdftex.def)             Requested size: 140.92793pt x 187.82993pt.
<Imagenes/5coin.jpg, id=50, 4300.065pt x 5733.42pt>
File: Imagenes/5coin.jpg Graphic file (type jpg)
<use Imagenes/5coin.jpg>
Package pdftex.def Info: Imagenes/5coin.jpg  used on input line 293.
(pdftex.def)             Requested size: 140.92793pt x 187.82993pt.
<Imagenes/10 coin.jpg, id=51, 4300.065pt x 5733.42pt>
File: Imagenes/10 coin.jpg Graphic file (type jpg)
<use Imagenes/10 coin.jpg>
Package pdftex.def Info: Imagenes/10 coin.jpg  used on input line 299.
(pdftex.def)             Requested size: 140.92793pt x 187.82993pt.
<Imagenes/error.jpg, id=52, 4300.065pt x 5733.42pt>
File: Imagenes/error.jpg Graphic file (type jpg)
<use Imagenes/error.jpg>
Package pdftex.def Info: Imagenes/error.jpg  used on input line 305.
(pdftex.def)             Requested size: 140.92793pt x 187.82993pt.






[9 <./Imagenes/mon.png> <./Imagenes/1coin.jpg> <./Imagenes/5coin.jpg>]





[10 <./Imagenes/10 coin.jpg> <./Imagenes/error.jpg>]
Underfull \hbox (badness 10000) in paragraph at lines 365--366
[]\OT1/cmr/m/n/10 VHDLWhiz. (n.d.). \OT1/cmr/m/it/10 Com-bi-na-
 []


Underfull \hbox (badness 10000) in paragraph at lines 365--366
\OT1/cmr/m/it/10 tional logic\OT1/cmr/m/n/10 . Re-cu-per-ado de
 []


Overfull \hbox (7.42865pt too wide) in paragraph at lines 365--366
\OT1/cmr/m/n/10 https://vhdlwhiz.com/terminology/combinational-
 []









[11] (main.aux)
 ***********
LaTeX2e <2025-06-01> patch level 1
L3 programming layer <2025-08-13>
 ***********


LaTeX Warning: There were multiply-defined labels.

 ) 
Here is how much of TeX's memory you used:
 6923 strings out of 468133
 108385 string characters out of 5430713
 790204 words of memory out of 5000000
 35435 multiletter control sequences out of 15000+600000
 636972 words of font info for 78 fonts, out of 8000000 for 9000
 1141 hyphenation exceptions out of 8191
 57i,12n,65p,1086b,1985s stack positions out of 10000i,1000n,20000p,200000b,200000s
 <C:\Users\juanp\AppData\Local\MiKTeX\fonts/pk/ljfour/jknappen/ec/dpi600\tcti1000.pk> <C:\Users\juanp\AppData\Local\MiKTeX\fonts/pk/ljfour/jknappen/ec/dpi600\tcrm1000.pk><C:/Users/juanp/AppData/Local/Programs/MiKTeX/fonts/type1/public/amsfonts/cm/cmbx10.pfb><C:/Users/juanp/AppData/Local/Programs/MiKTeX/fonts/type1/public/amsfonts/cm/cmbx12.pfb><C:/Users/juanp/AppData/Local/Programs/MiKTeX/fonts/type1/public/amsfonts/cm/cmbx9.pfb><C:/Users/juanp/AppData/Local/Programs/MiKTeX/fonts/type1/public/amsfonts/cm/cmmi10.pfb><C:/Users/juanp/AppData/Local/Programs/MiKTeX/fonts/type1/public/amsfonts/cm/cmr10.pfb><C:/Users/juanp/AppData/Local/Programs/MiKTeX/fonts/type1/public/amsfonts/cm/cmr12.pfb><C:/Users/juanp/AppData/Local/Programs/MiKTeX/fonts/type1/public/amsfonts/cm/cmr17.pfb><C:/Users/juanp/AppData/Local/Programs/MiKTeX/fonts/type1/public/amsfonts/cm/cmr9.pfb><C:/Users/juanp/AppData/Local/Programs/MiKTeX/fonts/type1/public/amsfonts/cm/cmsy10.pfb><C:/Users/juanp/AppData/Local/Programs/MiKTeX/fonts/type1/public/amsfonts/cm/cmti10.pfb>
Output written on main.pdf (11 pages, 47952599 bytes).
PDF statistics:
 114 PDF objects out of 1000 (max. 8388607)
 0 named destinations out of 1000 (max. 500000)
 61 words of extra memory for PDF output out of 10000 (max. 10000000)

