Copyright 1986-2022 Xilinx, Inc. All Rights Reserved.
---------------------------------------------------------------------------------------------------------------------------------------------------------------------------------------------------------------------------
| Tool Version : Vivado v.2022.1 (win64) Build 3526262 Mon Apr 18 15:48:16 MDT 2022
| Date         : Wed Nov 26 17:15:57 2025
| Host         : PCCN111-06 running 64-bit major release  (build 9200)
| Command      : report_timing_summary -max_paths 10 -report_unconstrained -file t_flipflop_timing_summary_routed.rpt -pb t_flipflop_timing_summary_routed.pb -rpx t_flipflop_timing_summary_routed.rpx -warn_on_violation
| Design       : t_flipflop
| Device       : 7a35tl-cpg236
| Speed File   : -2L  PRODUCTION 1.14 2018-01-25
---------------------------------------------------------------------------------------------------------------------------------------------------------------------------------------------------------------------------

Timing Summary Report

------------------------------------------------------------------------------------------------
| Timer Settings
| --------------
------------------------------------------------------------------------------------------------

  Enable Multi Corner Analysis               :  Yes
  Enable Pessimism Removal                   :  Yes
  Pessimism Removal Resolution               :  Nearest Common Node
  Enable Input Delay Default Clock           :  No
  Enable Preset / Clear Arcs                 :  No
  Disable Flight Delays                      :  No
  Ignore I/O Paths                           :  No
  Timing Early Launch at Borrowing Latches   :  No
  Borrow Time for Max Delay Exceptions       :  Yes
  Merge Timing Exceptions                    :  Yes

  Corner  Analyze    Analyze    
  Name    Max Paths  Min Paths  
  ------  ---------  ---------  
  Slow    Yes        Yes        
  Fast    Yes        Yes        


------------------------------------------------------------------------------------------------
| Report Methodology
| ------------------
------------------------------------------------------------------------------------------------

Rule       Severity          Description                                              Violations  
---------  ----------------  -------------------------------------------------------  ----------  
TIMING-14  Critical Warning  LUT on the clock tree                                    1           
TIMING-18  Warning           Missing input or output delay                            1           
TIMING-50  Warning           Unrealistic path requirement between same-level latches  1           
LATCH-1    Advisory          Existing latches in the design                           1           

Note: This report is based on the most recent report_methodology run and may not be up-to-date. Run report_methodology on the current design for the latest report.



check_timing report

Table of Contents
-----------------
1. checking no_clock (0)
2. checking constant_clock (0)
3. checking pulse_width_clock (0)
4. checking unconstrained_internal_endpoints (0)
5. checking no_input_delay (0)
6. checking no_output_delay (1)
7. checking multiple_clock (0)
8. checking generated_clocks (0)
9. checking loops (0)
10. checking partial_input_delay (0)
11. checking partial_output_delay (0)
12. checking latch_loops (1)

1. checking no_clock (0)
------------------------
 There are 0 register/latch pins with no clock.


2. checking constant_clock (0)
------------------------------
 There are 0 register/latch pins with constant_clock.


3. checking pulse_width_clock (0)
---------------------------------
 There are 0 register/latch pins which need pulse_width check


4. checking unconstrained_internal_endpoints (0)
------------------------------------------------
 There are 0 pins that are not constrained for maximum delay.

 There are 0 pins that are not constrained for maximum delay due to constant clock.


5. checking no_input_delay (0)
------------------------------
 There are 0 input ports with no input delay specified.

 There are 0 input ports with no input delay but user has a false path constraint.


6. checking no_output_delay (1)
-------------------------------
 There is 1 port with no output delay specified. (HIGH)

 There are 0 ports with no output delay but user has a false path constraint

 There are 0 ports with no output delay but with a timing clock defined on it or propagating through it


7. checking multiple_clock (0)
------------------------------
 There are 0 register/latch pins with multiple clocks.


8. checking generated_clocks (0)
--------------------------------
 There are 0 generated clocks that are not connected to a clock source.


9. checking loops (0)
---------------------
 There are 0 combinational loops in the design.


10. checking partial_input_delay (0)
------------------------------------
 There are 0 input ports with partial input delay specified.


11. checking partial_output_delay (0)
-------------------------------------
 There are 0 ports with partial output delay specified.


12. checking latch_loops (1)
----------------------------
 There is 1 combinational latch loop in the design through latch input (HIGH)



------------------------------------------------------------------------------------------------
| Design Timing Summary
| ---------------------
------------------------------------------------------------------------------------------------

    WNS(ns)      TNS(ns)  TNS Failing Endpoints  TNS Total Endpoints      WHS(ns)      THS(ns)  THS Failing Endpoints  THS Total Endpoints     WPWS(ns)     TPWS(ns)  TPWS Failing Endpoints  TPWS Total Endpoints  
    -------      -------  ---------------------  -------------------      -------      -------  ---------------------  -------------------     --------     --------  ----------------------  --------------------  
     -0.858       -0.858                      1                    1        5.238        0.000                      0                    1        4.500        0.000                       0                     1  


Timing constraints are not met.


------------------------------------------------------------------------------------------------
| Clock Summary
| -------------
------------------------------------------------------------------------------------------------

Clock        Waveform(ns)       Period(ns)      Frequency(MHz)
-----        ------------       ----------      --------------
sys_clk_pin  {0.000 5.000}      10.000          100.000         


------------------------------------------------------------------------------------------------
| Intra Clock Table
| -----------------
------------------------------------------------------------------------------------------------

Clock             WNS(ns)      TNS(ns)  TNS Failing Endpoints  TNS Total Endpoints      WHS(ns)      THS(ns)  THS Failing Endpoints  THS Total Endpoints     WPWS(ns)     TPWS(ns)  TPWS Failing Endpoints  TPWS Total Endpoints  
-----             -------      -------  ---------------------  -------------------      -------      -------  ---------------------  -------------------     --------     --------  ----------------------  --------------------  
sys_clk_pin        -0.858       -0.858                      1                    1        5.238        0.000                      0                    1        4.500        0.000                       0                     1  


------------------------------------------------------------------------------------------------
| Inter Clock Table
| -----------------
------------------------------------------------------------------------------------------------

From Clock    To Clock          WNS(ns)      TNS(ns)  TNS Failing Endpoints  TNS Total Endpoints      WHS(ns)      THS(ns)  THS Failing Endpoints  THS Total Endpoints  
----------    --------          -------      -------  ---------------------  -------------------      -------      -------  ---------------------  -------------------  


------------------------------------------------------------------------------------------------
| Other Path Groups Table
| -----------------------
------------------------------------------------------------------------------------------------

Path Group    From Clock    To Clock          WNS(ns)      TNS(ns)  TNS Failing Endpoints  TNS Total Endpoints      WHS(ns)      THS(ns)  THS Failing Endpoints  THS Total Endpoints  
----------    ----------    --------          -------      -------  ---------------------  -------------------      -------      -------  ---------------------  -------------------  


------------------------------------------------------------------------------------------------
| User Ignored Path Table
| -----------------------
------------------------------------------------------------------------------------------------

Path Group    From Clock    To Clock    
----------    ----------    --------    


------------------------------------------------------------------------------------------------
| Unconstrained Path Table
| ------------------------
------------------------------------------------------------------------------------------------

Path Group    From Clock    To Clock    
----------    ----------    --------    
(none)        sys_clk_pin                 


------------------------------------------------------------------------------------------------
| Timing Details
| --------------
------------------------------------------------------------------------------------------------


---------------------------------------------------------------------------------------------------
From Clock:  sys_clk_pin
  To Clock:  sys_clk_pin

Setup :            1  Failing Endpoint ,  Worst Slack       -0.858ns,  Total Violation       -0.858ns
Hold  :            0  Failing Endpoints,  Worst Slack        5.238ns,  Total Violation        0.000ns
PW    :            0  Failing Endpoints,  Worst Slack        4.500ns,  Total Violation        0.000ns
---------------------------------------------------------------------------------------------------


Max Delay Paths
--------------------------------------------------------------------------------------
Slack (VIOLATED) :        -0.858ns  (required time - arrival time)
  Source:                 q_int_reg/D
                            (positive level-sensitive latch clocked by sys_clk_pin  {rise@0.000ns fall@5.000ns period=10.000ns})
  Destination:            q_int_reg/D
                            (positive level-sensitive latch clocked by sys_clk_pin  {rise@0.000ns fall@5.000ns period=10.000ns})
  Path Group:             sys_clk_pin
  Path Type:              Setup (Max at Slow Process Corner)
  Requirement:            0.000ns  (sys_clk_pin rise@0.000ns - sys_clk_pin rise@0.000ns)
  Data Path Delay:        0.858ns  (logic 0.578ns (67.388%)  route 0.280ns (32.612%))
  Logic Levels:           1  (LUT1=1)
  Clock Path Skew:        0.000ns (DCD - SCD + CPR)
    Destination Clock Delay (DCD):    4.095ns
    Source Clock Delay      (SCD):    4.755ns
    Clock Pessimism Removal (CPR):    0.659ns
  Time Borrowing:         
    Nominal pulse width:              5.000ns
    Library setup time:               0.096ns
    Computed max time borrow:         5.096ns
    Time borrowed from endpoint:      5.096ns
    Time given to startpoint:         5.096ns

    Location             Delay type                Incr(ns)  Path(ns)    Netlist Resource(s)
  -------------------------------------------------------------------    -------------------
                         (clock sys_clk_pin rise edge)
                                                      0.000     0.000 r  
    W5                                                0.000     0.000 r  clk (IN)
                         net (fo=0)                   0.000     0.000    clk
    W5                   IBUF (Prop_ibuf_I_O)         1.665     1.665 r  clk_IBUF_inst/O
                         net (fo=1, routed)           1.421     3.087    clk_IBUF
    SLICE_X65Y48         LUT2 (Prop_lut2_I0_O)        0.148     3.235 r  q_int_reg_i_2/O
                         net (fo=1, routed)           1.520     4.755    q_int
    SLICE_X65Y87         LDCE                                         r  q_int_reg/G
  -------------------------------------------------------------------    -------------------
                         time given to startpoint     5.096     9.851    
    SLICE_X65Y87                                      0.000     9.851 f  q_int_reg/D
    SLICE_X65Y87         LDCE (DToQ_ldce_D_Q)         0.430    10.281 f  q_int_reg/Q
                         net (fo=2, routed)           0.280    10.560    q_OBUF
    SLICE_X65Y87         LUT1 (Prop_lut1_I0_O)        0.148    10.708 r  q_int_reg_i_1/O
                         net (fo=1, routed)           0.000    10.708    q_int_reg_i_1_n_0
    SLICE_X65Y87         LDCE                                         r  q_int_reg/D
  -------------------------------------------------------------------    -------------------

                         (clock sys_clk_pin rise edge)
                                                      0.000     0.000 r  
    W5                                                0.000     0.000 r  clk (IN)
                         net (fo=0)                   0.000     0.000    clk
    W5                   IBUF (Prop_ibuf_I_O)         1.527     1.527 r  clk_IBUF_inst/O
                         net (fo=1, routed)           1.187     2.714    clk_IBUF
    SLICE_X65Y48         LUT2 (Prop_lut2_I0_O)        0.119     2.833 r  q_int_reg_i_2/O
                         net (fo=1, routed)           1.262     4.095    q_int
    SLICE_X65Y87         LDCE                                         r  q_int_reg/G
                         clock pessimism              0.659     4.755    
                         time borrowed                5.096     9.851    
  -------------------------------------------------------------------
                         required time                          9.851    
                         arrival time                         -10.708    
  -------------------------------------------------------------------
                         slack                                 -0.858    





Min Delay Paths
--------------------------------------------------------------------------------------
Slack (MET) :             5.238ns  (arrival time - required time)
  Source:                 q_int_reg/G
                            (positive level-sensitive latch clocked by sys_clk_pin  {rise@0.000ns fall@5.000ns period=10.000ns})
  Destination:            q_int_reg/D
                            (positive level-sensitive latch clocked by sys_clk_pin  {rise@0.000ns fall@5.000ns period=10.000ns})
  Path Group:             sys_clk_pin
  Path Type:              Hold (Min at Fast Process Corner)
  Requirement:            -5.000ns  (sys_clk_pin fall@5.000ns - sys_clk_pin rise@10.000ns)
  Data Path Delay:        0.398ns  (logic 0.255ns (64.116%)  route 0.143ns (35.884%))
  Logic Levels:           1  (LUT1=1)
  Clock Path Skew:        0.000ns (DCD - SCD - CPR)
    Destination Clock Delay (DCD):    2.325ns = ( 7.325 - 5.000 ) 
    Source Clock Delay      (SCD):    1.731ns = ( 11.731 - 10.000 ) 
    Clock Pessimism Removal (CPR):    0.595ns
  Clock Uncertainty:      0.035ns  ((TSJ^2 + TIJ^2)^1/2 + DJ) / 2 + PE
    Total System Jitter     (TSJ):    0.071ns
    Total Input Jitter      (TIJ):    0.000ns
    Discrete Jitter          (DJ):    0.000ns
    Phase Error              (PE):    0.000ns

    Location             Delay type                Incr(ns)  Path(ns)    Netlist Resource(s)
  -------------------------------------------------------------------    -------------------
                         (clock sys_clk_pin rise edge)
                                                     10.000    10.000 r  
    W5                                                0.000    10.000 r  clk (IN)
                         net (fo=0)                   0.000    10.000    clk
    W5                   IBUF (Prop_ibuf_I_O)         0.316    10.316 r  clk_IBUF_inst/O
                         net (fo=1, routed)           0.662    10.978    clk_IBUF
    SLICE_X65Y48         LUT2 (Prop_lut2_I0_O)        0.062    11.040 r  q_int_reg_i_2/O
                         net (fo=1, routed)           0.690    11.731    q_int
    SLICE_X65Y87         LDCE                                         r  q_int_reg/G
  -------------------------------------------------------------------    -------------------
    SLICE_X65Y87         LDCE (EnToQ_ldce_G_Q)        0.193    11.924 f  q_int_reg/Q
                         net (fo=2, routed)           0.143    12.066    q_OBUF
    SLICE_X65Y87         LUT1 (Prop_lut1_I0_O)        0.062    12.128 r  q_int_reg_i_1/O
                         net (fo=1, routed)           0.000    12.128    q_int_reg_i_1_n_0
    SLICE_X65Y87         LDCE                                         r  q_int_reg/D
  -------------------------------------------------------------------    -------------------

                         (clock sys_clk_pin fall edge)
                                                      5.000     5.000 f  
    W5                                                0.000     5.000 f  clk (IN)
                         net (fo=0)                   0.000     5.000    clk
    W5                   IBUF (Prop_ibuf_I_O)         0.578     5.578 f  clk_IBUF_inst/O
                         net (fo=1, routed)           0.834     6.412    clk_IBUF
    SLICE_X65Y48         LUT2 (Prop_lut2_I0_O)        0.077     6.489 f  q_int_reg_i_2/O
                         net (fo=1, routed)           0.836     7.325    q_int
    SLICE_X65Y87         LDCE                                         f  q_int_reg/G
                         clock pessimism             -0.595     6.731    
                         clock uncertainty            0.035     6.766    
    SLICE_X65Y87         LDCE (Hold_ldce_G_D)         0.124     6.890    q_int_reg
  -------------------------------------------------------------------
                         required time                         -6.890    
                         arrival time                          12.128    
  -------------------------------------------------------------------
                         slack                                  5.238    





Pulse Width Checks
--------------------------------------------------------------------------------------
Clock Name:         sys_clk_pin
Waveform(ns):       { 0.000 5.000 }
Period(ns):         10.000
Sources:            { clk }

Check Type       Corner  Lib Pin  Reference Pin  Required(ns)  Actual(ns)  Slack(ns)  Location      Pin
Low Pulse Width  Slow    LDCE/G   n/a            0.500         5.000       4.500      SLICE_X65Y87  q_int_reg/G
Low Pulse Width  Fast    LDCE/G   n/a            0.500         5.000       4.500      SLICE_X65Y87  q_int_reg/G



--------------------------------------------------------------------------------------
Path Group:  (none)
From Clock:  sys_clk_pin
  To Clock:  

Max Delay             1 Endpoint
Min Delay             1 Endpoint
--------------------------------------------------------------------------------------


Max Delay Paths
--------------------------------------------------------------------------------------
Slack:                    inf
  Source:                 q_int_reg/D
                            (positive level-sensitive latch clocked by sys_clk_pin  {rise@0.000ns fall@5.000ns period=10.000ns})
  Destination:            q
                            (output port)
  Path Group:             (none)
  Path Type:              Max at Slow Process Corner
  Data Path Delay:        6.037ns  (logic 4.180ns (69.238%)  route 1.857ns (30.762%))
  Logic Levels:           1  (OBUF=1)
  Clock Uncertainty:      0.025ns  ((TSJ^2 + TIJ^2)^1/2 + DJ) / 2 + PE
    Total System Jitter     (TSJ):    0.050ns
    Total Input Jitter      (TIJ):    0.000ns
    Discrete Jitter          (DJ):    0.000ns
    Phase Error              (PE):    0.000ns

    Location             Delay type                Incr(ns)  Path(ns)    Netlist Resource(s)
  -------------------------------------------------------------------    -------------------
                         (clock sys_clk_pin rise edge)
                                                      0.000     0.000 r  
    W5                                                0.000     0.000 r  clk (IN)
                         net (fo=0)                   0.000     0.000    clk
    W5                   IBUF (Prop_ibuf_I_O)         1.665     1.665 r  clk_IBUF_inst/O
                         net (fo=1, routed)           1.421     3.087    clk_IBUF
    SLICE_X65Y48         LUT2 (Prop_lut2_I0_O)        0.148     3.235 r  q_int_reg_i_2/O
                         net (fo=1, routed)           1.520     4.755    q_int
    SLICE_X65Y87         LDCE                                         r  q_int_reg/G
  -------------------------------------------------------------------    -------------------
                         time given to startpoint     5.096     9.851    
    SLICE_X65Y87                                      0.000     9.851 r  q_int_reg/D
    SLICE_X65Y87         LDCE (DToQ_ldce_D_Q)         0.430    10.281 r  q_int_reg/Q
                         net (fo=2, routed)           1.857    12.138    q_OBUF
    L1                   OBUF (Prop_obuf_I_O)         3.750    15.888 r  q_OBUF_inst/O
                         net (fo=0)                   0.000    15.888    q
    L1                                                                r  q (OUT)
  -------------------------------------------------------------------    -------------------





Min Delay Paths
--------------------------------------------------------------------------------------
Slack:                    inf
  Source:                 q_int_reg/G
                            (positive level-sensitive latch clocked by sys_clk_pin  {rise@0.000ns fall@5.000ns period=10.000ns})
  Destination:            q
                            (output port)
  Path Group:             (none)
  Path Type:              Min at Fast Process Corner
  Data Path Delay:        2.197ns  (logic 1.622ns (73.822%)  route 0.575ns (26.178%))
  Logic Levels:           1  (OBUF=1)
  Clock Uncertainty:      0.025ns  ((TSJ^2 + TIJ^2)^1/2 + DJ) / 2 + PE
    Total System Jitter     (TSJ):    0.050ns
    Total Input Jitter      (TIJ):    0.000ns
    Discrete Jitter          (DJ):    0.000ns
    Phase Error              (PE):    0.000ns

    Location             Delay type                Incr(ns)  Path(ns)    Netlist Resource(s)
  -------------------------------------------------------------------    -------------------
                         (clock sys_clk_pin rise edge)
                                                      0.000     0.000 r  
    W5                                                0.000     0.000 r  clk (IN)
                         net (fo=0)                   0.000     0.000    clk
    W5                   IBUF (Prop_ibuf_I_O)         0.316     0.316 r  clk_IBUF_inst/O
                         net (fo=1, routed)           0.662     0.978    clk_IBUF
    SLICE_X65Y48         LUT2 (Prop_lut2_I0_O)        0.062     1.040 r  q_int_reg_i_2/O
                         net (fo=1, routed)           0.690     1.731    q_int
    SLICE_X65Y87         LDCE                                         r  q_int_reg/G
  -------------------------------------------------------------------    -------------------
    SLICE_X65Y87         LDCE (EnToQ_ldce_G_Q)        0.193     1.924 r  q_int_reg/Q
                         net (fo=2, routed)           0.575     2.499    q_OBUF
    L1                   OBUF (Prop_obuf_I_O)         1.429     3.928 r  q_OBUF_inst/O
                         net (fo=0)                   0.000     3.928    q
    L1                                                                r  q (OUT)
  -------------------------------------------------------------------    -------------------





