Copyright 1986-2022 Xilinx, Inc. All Rights Reserved. Copyright 2022-2025 Advanced Micro Devices, Inc. All Rights Reserved.
---------------------------------------------------------------------------------------------------------------------------------------------------------------------------------------------------------------------------
| Tool Version : Vivado v.2025.1 (win64) Build 6140274 Thu May 22 00:12:29 MDT 2025
| Date         : Mon Nov  3 10:48:33 2025
| Host         : LopzDWampotat running 64-bit major release  (build 9200)
| Command      : report_timing_summary -max_paths 10 -routable_nets -report_unconstrained -file juego_timing_summary_routed.rpt -pb juego_timing_summary_routed.pb -rpx juego_timing_summary_routed.rpx -warn_on_violation
| Design       : juego
| Device       : 7a35t-cpg236
| Speed File   : -1  PRODUCTION 1.23 2018-06-13
| Design State : Routed
---------------------------------------------------------------------------------------------------------------------------------------------------------------------------------------------------------------------------

Timing Summary Report

------------------------------------------------------------------------------------------------
| Timer Settings
| --------------
------------------------------------------------------------------------------------------------

  Enable Multi Corner Analysis               :  Yes
  Enable Pessimism Removal                   :  Yes
  Pessimism Removal Resolution               :  Nearest Common Node
  Enable Input Delay Default Clock           :  No
  Enable Preset / Clear Arcs                 :  No
  Disable Flight Delays                      :  No
  Ignore I/O Paths                           :  No
  Timing Early Launch at Borrowing Latches   :  No
  Borrow Time for Max Delay Exceptions       :  Yes
  Merge Timing Exceptions                    :  Yes
  Inter-SLR Compensation                     :  Conservative

  Corner  Analyze    Analyze    
  Name    Max Paths  Min Paths  
  ------  ---------  ---------  
  Slow    Yes        Yes        
  Fast    Yes        Yes        


------------------------------------------------------------------------------------------------
| Report Methodology
| ------------------
------------------------------------------------------------------------------------------------

No report available as report_methodology has not been run prior. Run report_methodology on the current design for the summary of methodology violations.



check_timing report

Table of Contents
-----------------
1. checking no_clock (0)
2. checking constant_clock (0)
3. checking pulse_width_clock (0)
4. checking unconstrained_internal_endpoints (0)
5. checking no_input_delay (0)
6. checking no_output_delay (0)
7. checking multiple_clock (0)
8. checking generated_clocks (0)
9. checking loops (0)
10. checking partial_input_delay (0)
11. checking partial_output_delay (0)
12. checking latch_loops (0)

1. checking no_clock (0)
------------------------
 There are 0 register/latch pins with no clock.


2. checking constant_clock (0)
------------------------------
 There are 0 register/latch pins with constant_clock.


3. checking pulse_width_clock (0)
---------------------------------
 There are 0 register/latch pins which need pulse_width check


4. checking unconstrained_internal_endpoints (0)
------------------------------------------------
 There are 0 pins that are not constrained for maximum delay.

 There are 0 pins that are not constrained for maximum delay due to constant clock.


5. checking no_input_delay (0)
------------------------------
 There are 0 input ports with no input delay specified.

 There are 0 input ports with no input delay but user has a false path constraint.


6. checking no_output_delay (0)
-------------------------------
 There are 0 ports with no output delay specified.

 There are 0 ports with no output delay but user has a false path constraint

 There are 0 ports with no output delay but with a timing clock defined on it or propagating through it


7. checking multiple_clock (0)
------------------------------
 There are 0 register/latch pins with multiple clocks.


8. checking generated_clocks (0)
--------------------------------
 There are 0 generated clocks that are not connected to a clock source.


9. checking loops (0)
---------------------
 There are 0 combinational loops in the design.


10. checking partial_input_delay (0)
------------------------------------
 There are 0 input ports with partial input delay specified.


11. checking partial_output_delay (0)
-------------------------------------
 There are 0 ports with partial output delay specified.


12. checking latch_loops (0)
----------------------------
 There are 0 combinational latch loops in the design through latch input



------------------------------------------------------------------------------------------------
| Design Timing Summary
| ---------------------
------------------------------------------------------------------------------------------------

    WNS(ns)      TNS(ns)  TNS Failing Endpoints  TNS Total Endpoints      WHS(ns)      THS(ns)  THS Failing Endpoints  THS Total Endpoints     WPWS(ns)     TPWS(ns)  TPWS Failing Endpoints  TPWS Total Endpoints  
    -------      -------  ---------------------  -------------------      -------      -------  ---------------------  -------------------     --------     --------  ----------------------  --------------------  
        inf        0.000                      0                    3          inf        0.000                      0                    3           NA           NA                      NA                    NA  


There are no user specified timing constraints.


------------------------------------------------------------------------------------------------
| Clock Summary
| -------------
------------------------------------------------------------------------------------------------


------------------------------------------------------------------------------------------------
| Intra Clock Table
| -----------------
------------------------------------------------------------------------------------------------

Clock             WNS(ns)      TNS(ns)  TNS Failing Endpoints  TNS Total Endpoints      WHS(ns)      THS(ns)  THS Failing Endpoints  THS Total Endpoints     WPWS(ns)     TPWS(ns)  TPWS Failing Endpoints  TPWS Total Endpoints  
-----             -------      -------  ---------------------  -------------------      -------      -------  ---------------------  -------------------     --------     --------  ----------------------  --------------------  


------------------------------------------------------------------------------------------------
| Inter Clock Table
| -----------------
------------------------------------------------------------------------------------------------

From Clock    To Clock          WNS(ns)      TNS(ns)  TNS Failing Endpoints  TNS Total Endpoints      WHS(ns)      THS(ns)  THS Failing Endpoints  THS Total Endpoints  
----------    --------          -------      -------  ---------------------  -------------------      -------      -------  ---------------------  -------------------  


------------------------------------------------------------------------------------------------
| Other Path Groups Table
| -----------------------
------------------------------------------------------------------------------------------------

Path Group    From Clock    To Clock          WNS(ns)      TNS(ns)  TNS Failing Endpoints  TNS Total Endpoints      WHS(ns)      THS(ns)  THS Failing Endpoints  THS Total Endpoints  
----------    ----------    --------          -------      -------  ---------------------  -------------------      -------      -------  ---------------------  -------------------  


------------------------------------------------------------------------------------------------
| User Ignored Path Table
| -----------------------
------------------------------------------------------------------------------------------------

Path Group    From Clock    To Clock    
----------    ----------    --------    


------------------------------------------------------------------------------------------------
| Unconstrained Path Table
| ------------------------
------------------------------------------------------------------------------------------------

Path Group    From Clock    To Clock    
----------    ----------    --------    
(none)                                    


------------------------------------------------------------------------------------------------
| Timing Details
| --------------
------------------------------------------------------------------------------------------------


--------------------------------------------------------------------------------------
Path Group:  (none)
From Clock:  
  To Clock:  

Max Delay             3 Endpoints
Min Delay             3 Endpoints
--------------------------------------------------------------------------------------


Max Delay Paths
--------------------------------------------------------------------------------------
Slack:                    inf
  Source:                 JBB
                            (input port)
  Destination:            SAL[0]
                            (output port)
  Path Group:             (none)
  Path Type:              Max at Slow Process Corner
  Data Path Delay:        11.661ns  (logic 5.313ns (45.564%)  route 6.348ns (54.436%))
  Logic Levels:           3  (IBUF=1 LUT5=1 OBUF=1)

    Location             Delay type                Incr(ns)  Path(ns)    Netlist Resource(s)
  -------------------------------------------------------------------    -------------------
    T1                                                0.000     0.000 r  JBB (IN)
                         net (fo=0)                   0.000     0.000    JBB
    T1                   IBUF (Prop_ibuf_I_O)         1.455     1.455 r  JBB_IBUF_inst/O
                         net (fo=3, routed)           4.431     5.886    JBB_IBUF
    SLICE_X0Y10          LUT5 (Prop_lut5_I4_O)        0.152     6.038 r  SAL_OBUF[0]_inst_i_1/O
                         net (fo=1, routed)           1.917     7.955    SAL_OBUF[0]
    V13                  OBUF (Prop_obuf_I_O)         3.706    11.661 r  SAL_OBUF[0]_inst/O
                         net (fo=0)                   0.000    11.661    SAL[0]
    V13                                                               r  SAL[0] (OUT)
  -------------------------------------------------------------------    -------------------

Slack:                    inf
  Source:                 JBB
                            (input port)
  Destination:            SAL[1]
                            (output port)
  Path Group:             (none)
  Path Type:              Max at Slow Process Corner
  Data Path Delay:        11.587ns  (logic 5.085ns (43.890%)  route 6.501ns (56.110%))
  Logic Levels:           3  (IBUF=1 LUT5=1 OBUF=1)

    Location             Delay type                Incr(ns)  Path(ns)    Netlist Resource(s)
  -------------------------------------------------------------------    -------------------
    T1                                                0.000     0.000 r  JBB (IN)
                         net (fo=0)                   0.000     0.000    JBB
    T1                   IBUF (Prop_ibuf_I_O)         1.455     1.455 r  JBB_IBUF_inst/O
                         net (fo=3, routed)           4.431     5.886    JBB_IBUF
    SLICE_X0Y10          LUT5 (Prop_lut5_I4_O)        0.124     6.010 r  SAL_OBUF[1]_inst_i_1/O
                         net (fo=1, routed)           2.070     8.080    SAL_OBUF[1]
    U14                  OBUF (Prop_obuf_I_O)         3.506    11.587 r  SAL_OBUF[1]_inst/O
                         net (fo=0)                   0.000    11.587    SAL[1]
    U14                                                               r  SAL[1] (OUT)
  -------------------------------------------------------------------    -------------------

Slack:                    inf
  Source:                 JBB
                            (input port)
  Destination:            SAL[2]
                            (output port)
  Path Group:             (none)
  Path Type:              Max at Slow Process Corner
  Data Path Delay:        11.431ns  (logic 5.080ns (44.441%)  route 6.351ns (55.559%))
  Logic Levels:           3  (IBUF=1 LUT5=1 OBUF=1)

    Location             Delay type                Incr(ns)  Path(ns)    Netlist Resource(s)
  -------------------------------------------------------------------    -------------------
    T1                                                0.000     0.000 r  JBB (IN)
                         net (fo=0)                   0.000     0.000    JBB
    T1                   IBUF (Prop_ibuf_I_O)         1.455     1.455 r  JBB_IBUF_inst/O
                         net (fo=3, routed)           4.434     5.889    JBB_IBUF
    SLICE_X0Y10          LUT5 (Prop_lut5_I3_O)        0.124     6.013 r  SAL_OBUF[2]_inst_i_1/O
                         net (fo=1, routed)           1.917     7.930    SAL_OBUF[2]
    V14                  OBUF (Prop_obuf_I_O)         3.501    11.431 r  SAL_OBUF[2]_inst/O
                         net (fo=0)                   0.000    11.431    SAL[2]
    V14                                                               r  SAL[2] (OUT)
  -------------------------------------------------------------------    -------------------





Min Delay Paths
--------------------------------------------------------------------------------------
Slack:                    inf
  Source:                 JAB
                            (input port)
  Destination:            SAL[2]
                            (output port)
  Path Group:             (none)
  Path Type:              Min at Fast Process Corner
  Data Path Delay:        2.341ns  (logic 1.468ns (62.700%)  route 0.873ns (37.300%))
  Logic Levels:           3  (IBUF=1 LUT5=1 OBUF=1)

    Location             Delay type                Incr(ns)  Path(ns)    Netlist Resource(s)
  -------------------------------------------------------------------    -------------------
    V17                                               0.000     0.000 r  JAB (IN)
                         net (fo=0)                   0.000     0.000    JAB
    V17                  IBUF (Prop_ibuf_I_O)         0.221     0.221 r  JAB_IBUF_inst/O
                         net (fo=3, routed)           0.430     0.651    JAB_IBUF
    SLICE_X0Y10          LUT5 (Prop_lut5_I4_O)        0.045     0.696 r  SAL_OBUF[2]_inst_i_1/O
                         net (fo=1, routed)           0.443     1.139    SAL_OBUF[2]
    V14                  OBUF (Prop_obuf_I_O)         1.202     2.341 r  SAL_OBUF[2]_inst/O
                         net (fo=0)                   0.000     2.341    SAL[2]
    V14                                                               r  SAL[2] (OUT)
  -------------------------------------------------------------------    -------------------

Slack:                    inf
  Source:                 JAB
                            (input port)
  Destination:            SAL[1]
                            (output port)
  Path Group:             (none)
  Path Type:              Min at Fast Process Corner
  Data Path Delay:        2.412ns  (logic 1.473ns (61.092%)  route 0.938ns (38.908%))
  Logic Levels:           3  (IBUF=1 LUT5=1 OBUF=1)

    Location             Delay type                Incr(ns)  Path(ns)    Netlist Resource(s)
  -------------------------------------------------------------------    -------------------
    V17                                               0.000     0.000 r  JAB (IN)
                         net (fo=0)                   0.000     0.000    JAB
    V17                  IBUF (Prop_ibuf_I_O)         0.221     0.221 r  JAB_IBUF_inst/O
                         net (fo=3, routed)           0.447     0.668    JAB_IBUF
    SLICE_X0Y10          LUT5 (Prop_lut5_I3_O)        0.045     0.713 r  SAL_OBUF[1]_inst_i_1/O
                         net (fo=1, routed)           0.491     1.204    SAL_OBUF[1]
    U14                  OBUF (Prop_obuf_I_O)         1.207     2.412 r  SAL_OBUF[1]_inst/O
                         net (fo=0)                   0.000     2.412    SAL[1]
    U14                                                               r  SAL[1] (OUT)
  -------------------------------------------------------------------    -------------------

Slack:                    inf
  Source:                 JAB
                            (input port)
  Destination:            SAL[0]
                            (output port)
  Path Group:             (none)
  Path Type:              Min at Fast Process Corner
  Data Path Delay:        2.425ns  (logic 1.536ns (63.348%)  route 0.889ns (36.652%))
  Logic Levels:           3  (IBUF=1 LUT5=1 OBUF=1)

    Location             Delay type                Incr(ns)  Path(ns)    Netlist Resource(s)
  -------------------------------------------------------------------    -------------------
    V17                                               0.000     0.000 r  JAB (IN)
                         net (fo=0)                   0.000     0.000    JAB
    V17                  IBUF (Prop_ibuf_I_O)         0.221     0.221 r  JAB_IBUF_inst/O
                         net (fo=3, routed)           0.447     0.668    JAB_IBUF
    SLICE_X0Y10          LUT5 (Prop_lut5_I1_O)        0.048     0.716 r  SAL_OBUF[0]_inst_i_1/O
                         net (fo=1, routed)           0.442     1.158    SAL_OBUF[0]
    V13                  OBUF (Prop_obuf_I_O)         1.267     2.425 r  SAL_OBUF[0]_inst/O
                         net (fo=0)                   0.000     2.425    SAL[0]
    V13                                                               r  SAL[0] (OUT)
  -------------------------------------------------------------------    -------------------





